
> gov-report-diff-frontend@1.0.0 build
> react-scripts build

Creating an optimized production build...
Failed to compile.

Attempted import error: 'shanghaiCity' is not exported from '../data' (imported as 'mockShanghai').


